Script started on 2026-07-30 23:30:59+03:00 [COMMAND="pnpm --filter frontend run build" <not executed on terminal>]

> frontend@0.1.0 build /home/core/Desktop/CKB/learnCKB/campaign-03-simple-lock/frontend
> next build

   ▲ Next.js 15.5.18
   - Environments: .env.local, .env

   Creating an optimized production build ...
 ✓ Compiled successfully in 5.6s
   Linting and checking validity of types     ✓ Linting and checking validity of types
   Collecting page data     ✓ Collecting page data
 ✓ Generating static pages (5/5)
   Collecting build traces     ✓ Collecting build traces
   Finalizing page optimization     ✓ Finalizing page optimization

Route (app)                                 Size  First Load JS
┌ ○ /                                     148 kB         249 kB
└ ○ /_not-found                            995 B         102 kB
+ First Load JS shared by all             101 kB
  ├ chunks/897-63fd7ae13372c92e.js       45.2 kB
  ├ chunks/affce599-aef76314bfbf0ff8.js  54.2 kB
  └ other shared chunks (total)          1.94 kB


○  (Static)  prerendered as static content


Script done on 2026-07-30 23:33:59+03:00 [COMMAND_EXIT_CODE="0"]
