
> ckb-campaign-01@0.1.0 campaign02:store-data
> node campaign-02-store-data/store-data-on-cell.mjs

Build on CKB Campaign #02 - Store Data on Cell
Account label: FidelCoder
RPC endpoint: http://127.0.0.1:28114
Tutorial source: https://docs.nervos.org/docs/dapp/store-data-on-cell
Devnet tip before send: 0x191c

Step 1 - Encode and decode message
Original UTF-8 message: FidelCoder Campaign 02: I stored this sentence as cell data, then read it back from a live cell.
Encoded hex: 0x466964656c436f6465722043616d706169676e2030323a20492073746f72656420746869732073656e74656e63652061732063656c6c20646174612c207468656e2072656164206974206261636b2066726f6d2061206c6976652063656c6c2e
Decoded preview: FidelCoder Campaign 02: I stored this sentence as cell data, then read it back from a live cell.

Step 2 - Build transaction with data in outputsData[0]
Recipient lock args: 0x758d311c8483e0602dfad7b69d9053e3f917457d
Transaction template outputs: 1
Transaction template outputsData[0]: 0x466964656c436f6465722043616d706169676e2030323a20492073746f72656420746869732073656e74656e63652061732063656c6c20646174612c207468656e2072656164206974206261636b2066726f6d2061206c6976652063656c6c2e
Completed tx inputs: 1
Completed tx outputs: 2
Completed tx outputsData count: 2
Completed first output capacity: 15700000000
Transaction sent: 0xf4c4cc0780fc107638391c51770a89b96f0b9cba38fc35d700d6e9ff174070f8

Step 3 - Wait for commit and retrieve Live Cell data
  poll 1: pending
  poll 2: pending
  poll 3: pending
  poll 4: pending
  poll 5: pending
  poll 6: proposed
  poll 7: proposed
  poll 8: proposed
  poll 9: committed
Committed block: 0x191f
Out point: 0xf4c4cc0780fc107638391c51770a89b96f0b9cba38fc35d700d6e9ff174070f8:0x0
Live cell status: live
Live cell capacity: 0x3a7cafd00
Live cell data hex: 0x466964656c436f6465722043616d706169676e2030323a20492073746f72656420746869732073656e74656e63652061732063656c6c20646174612c207468656e2072656164206974206261636b2066726f6d2061206c6976652063656c6c2e
Live cell decoded message: FidelCoder Campaign 02: I stored this sentence as cell data, then read it back from a live cell.

Saved proof JSON: /home/core/Desktop/CKB/learnCKB/campaign-02-proof/store-data-result.json
Tutorial completed: encoded, sent, committed, retrieved, and decoded live cell data.
